
> school-sms@0.1.0 build
> next build

Γû▓ Next.js 16.1.6 (Turbopack)
- Environments: .env.local, .env

ΓÜá The "middleware" file convention is deprecated. Please use "proxy" instead. Learn more: https://nextjs.org/docs/messages/middleware-to-proxy
  Creating an optimized production build ...
Γ£ô Compiled successfully in 41s
  Running TypeScript ...
  Collecting page data using 7 workers ...
  Generating static pages using 7 workers (0/38) ...
  Generating static pages using 7 workers (9/38) 
  Generating static pages using 7 workers (18/38) 
  Generating static pages using 7 workers (28/38) 
Γ£ô Generating static pages using 7 workers (38/38) in 4.6s
  Finalizing page optimization ...

Route (app)
Γöî ╞Æ /
Γö£ Γùï /_not-found
Γö£ ╞Æ /activities
Γö£ ╞Æ /admin/dashboard
Γö£ ╞Æ /analytics
Γö£ ╞Æ /attendance
Γö£ ╞Æ /audit
Γö£ ╞Æ /certificates
Γö£ ╞Æ /classes
Γö£ ╞Æ /compliance
Γö£ ╞Æ /conduct
Γö£ ╞Æ /exams
Γö£ ╞Æ /exams/[id]/marks
Γö£ ╞Æ /fees
Γö£ ╞Æ /gateways
Γö£ ╞Æ /gradebook
Γö£ ╞Æ /guardian
Γö£ ╞Æ /health
Γö£ ╞Æ /heritage
Γö£ ╞Æ /inventory
Γö£ Γùï /launcher
Γö£ ╞Æ /library
Γö£ Γùï /login
Γö£ ╞Æ /messages
Γö£ ╞Æ /oracle
Γö£ ╞Æ /parent/dashboard
Γö£ ╞Æ /reports
Γö£ ╞Æ /settings
Γö£ ╞Æ /student/dashboard
Γö£ ╞Æ /students
Γö£ ╞Æ /students/[id]
Γö£ ╞Æ /subjects
Γö£ ╞Æ /teacher/dashboard
Γö£ ╞Æ /teachers
Γö£ ╞Æ /timetable
Γö£ ╞Æ /transport
Γö£ Γùï /unauthorized
Γöö ╞Æ /users


╞Æ Proxy (Middleware)

Γùï  (Static)   prerendered as static content
╞Æ  (Dynamic)  server-rendered on demand

