
> school-sms@0.1.0 lint
> eslint


D:\maysanlabs\school-mangment-system\src\components\admin\UserManagement.tsx
  62:5  error  Error: Calling setState synchronously within an effect can trigger cascading renders

Effects are intended to synchronize state between React and external systems such as manually updating the DOM, state management libraries, or other platform APIs. In general, the body of an effect should do one or both of the following:
* Update external systems with the latest state from React.
* Subscribe for updates from some external system, calling setState in a callback function when external state changes.

Calling setState synchronously within an effect body causes cascading renders that can hurt performance, and is not recommended. (https://react.dev/learn/you-might-not-need-an-effect).

D:\maysanlabs\school-mangment-system\src\components\admin\UserManagement.tsx:62:5
  60 |
  61 |   useEffect(() => {
> 62 |     fetchUsers();
     |     ^^^^^^^^^^ Avoid calling setState() directly within an effect
  63 |   }, []);
  64 |
  65 |   const handleRoleUpdate = async (userId: string, newRole: any) => {  react-hooks/set-state-in-effect

D:\maysanlabs\school-mangment-system\src\components\attendance\AttendanceDashboard.tsx
  95:33  error  Error: Cannot call impure function during render

`Math.random` is an impure function. Calling an impure function can produce unstable results that update unpredictably when the component happens to re-render. (https://react.dev/reference/rules/components-and-hooks-must-be-pure#components-and-hooks-must-be-idempotent).

D:\maysanlabs\school-mangment-system\src\components\attendance\AttendanceDashboard.tsx:95:33
  93 |         return days.map(d => ({
  94 |             name: d,
> 95 |             Present: Math.floor(Math.random() * 80) + 150,
     |                                 ^^^^^^^^^^^^^ Cannot call impure function
  96 |             Absent: Math.floor(Math.random() * 20) + 5
  97 |         }));
  98 |     }, []);  react-hooks/purity
  96:32  error  Error: Cannot call impure function during render

`Math.random` is an impure function. Calling an impure function can produce unstable results that update unpredictably when the component happens to re-render. (https://react.dev/reference/rules/components-and-hooks-must-be-pure#components-and-hooks-must-be-idempotent).

D:\maysanlabs\school-mangment-system\src\components\attendance\AttendanceDashboard.tsx:96:32
  94 |             name: d,
  95 |             Present: Math.floor(Math.random() * 80) + 150,
> 96 |             Absent: Math.floor(Math.random() * 20) + 5
     |                                ^^^^^^^^^^^^^ Cannot call impure function
  97 |         }));
  98 |     }, []);
  99 |                                   react-hooks/purity

D:\maysanlabs\school-mangment-system\src\components\attendance\AttendanceHistory.tsx
  71:7  error    Error: Calling setState synchronously within an effect can trigger cascading renders

Effects are intended to synchronize state between React and external systems such as manually updating the DOM, state management libraries, or other platform APIs. In general, the body of an effect should do one or both of the following:
* Update external systems with the latest state from React.
* Subscribe for updates from some external system, calling setState in a callback function when external state changes.

Calling setState synchronously within an effect body causes cascading renders that can hurt performance, and is not recommended. (https://react.dev/learn/you-might-not-need-an-effect).

D:\maysanlabs\school-mangment-system\src\components\attendance\AttendanceHistory.tsx:71:7
  69 |   useEffect(() => {
  70 |     if (selectedClass) {
> 71 |       fetchHistory();
     |       ^^^^^^^^^^^^ Avoid calling setState() directly within an effect
  72 |     }
  73 |   }, [selectedClass, selectedDate]);
  74 |  react-hooks/set-state-in-effect
  73:6  warning  React Hook useEffect has a missing dependency: 'fetchHistory'. Either include it or remove the dependency array                                                                                                                                                                                                                                                                                                                                                                                                                                                                                                                                                                                                                                                                                                                                                                                                                                                                                                                                    react-hooks/exhaustive-deps

D:\maysanlabs\school-mangment-system\src\components\compliance\ComplianceDashboard.tsx
  47:11  warning  The 'categories' array makes the dependencies of useMemo Hook (at line 71) change on every render. To fix this, wrap the initialization of 'categories' in its own useMemo() Hook                                                                                                                                                                                                                                                                                                                                                                                                                                                                                                                                                                                                                                 react-hooks/exhaustive-deps
  51:58  error    Error: Cannot call impure function during render

`Date.now` is an impure function. Calling an impure function can produce unstable results that update unpredictably when the component happens to re-render. (https://react.dev/reference/rules/components-and-hooks-must-be-pure#components-and-hooks-must-be-idempotent).

D:\maysanlabs\school-mangment-system\src\components\compliance\ComplianceDashboard.tsx:51:58
  49 |     const expiringDocs = documents.filter(d => {
  50 |         if (!d.expiry_date) return false;
> 51 |         const diff = new Date(d.expiry_date).getTime() - Date.now();
     |                                                          ^^^^^^^^^^ Cannot call impure function
  52 |         return diff > 0 && diff < 90 * 24 * 60 * 60 * 1000;
  53 |     });
  54 |  react-hooks/purity
  60:32  error    Error: Cannot call impure function during render

`Math.random` is an impure function. Calling an impure function can produce unstable results that update unpredictably when the component happens to re-render. (https://react.dev/reference/rules/components-and-hooks-must-be-pure#components-and-hooks-must-be-idempotent).

D:\maysanlabs\school-mangment-system\src\components\compliance\ComplianceDashboard.tsx:60:32
  58 |         return months.map(m => ({
  59 |             name: m,
> 60 |             Audits: Math.floor(Math.random() * 15) + 5,
     |                                ^^^^^^^^^^^^^ Cannot call impure function
  61 |             Findings: Math.floor(Math.random() * 5)
  62 |         }));
  63 |     }, []);                                                              react-hooks/purity
  61:34  error    Error: Cannot call impure function during render

`Math.random` is an impure function. Calling an impure function can produce unstable results that update unpredictably when the component happens to re-render. (https://react.dev/reference/rules/components-and-hooks-must-be-pure#components-and-hooks-must-be-idempotent).

D:\maysanlabs\school-mangment-system\src\components\compliance\ComplianceDashboard.tsx:61:34
  59 |             name: m,
  60 |             Audits: Math.floor(Math.random() * 15) + 5,
> 61 |             Findings: Math.floor(Math.random() * 5)
     |                                  ^^^^^^^^^^^^^ Cannot call impure function
  62 |         }));
  63 |     }, []);
  64 |                                                                                              react-hooks/purity
  68:27  error    Error: Cannot call impure function during render

`Math.random` is an impure function. Calling an impure function can produce unstable results that update unpredictably when the component happens to re-render. (https://react.dev/reference/rules/components-and-hooks-must-be-pure#components-and-hooks-must-be-idempotent).

D:\maysanlabs\school-mangment-system\src\components\compliance\ComplianceDashboard.tsx:68:27
  66 |         return categories.map(c => ({
  67 |             subject: c,
> 68 |             A: Math.floor(Math.random() * 30) + 70,
     |                           ^^^^^^^^^^^^^ Cannot call impure function
  69 |             fullMark: 100
  70 |         }));
  71 |     }, [categories]);                                                                                react-hooks/purity

D:\maysanlabs\school-mangment-system\src\components\conduct\ConductDashboard.tsx
  92:32  error  Error: Cannot call impure function during render

`Math.random` is an impure function. Calling an impure function can produce unstable results that update unpredictably when the component happens to re-render. (https://react.dev/reference/rules/components-and-hooks-must-be-pure#components-and-hooks-must-be-idempotent).

D:\maysanlabs\school-mangment-system\src\components\conduct\ConductDashboard.tsx:92:32
  90 |         return months.map(m => ({
  91 |             name: m,
> 92 |             merits: Math.floor(Math.random() * 20) + 5,
     |                                ^^^^^^^^^^^^^ Cannot call impure function
  93 |             demerits: Math.floor(Math.random() * 10) + 2
  94 |         }));
  95 |     }, []);  react-hooks/purity
  93:34  error  Error: Cannot call impure function during render

`Math.random` is an impure function. Calling an impure function can produce unstable results that update unpredictably when the component happens to re-render. (https://react.dev/reference/rules/components-and-hooks-must-be-pure#components-and-hooks-must-be-idempotent).

D:\maysanlabs\school-mangment-system\src\components\conduct\ConductDashboard.tsx:93:34
  91 |             name: m,
  92 |             merits: Math.floor(Math.random() * 20) + 5,
> 93 |             demerits: Math.floor(Math.random() * 10) + 2
     |                                  ^^^^^^^^^^^^^ Cannot call impure function
  94 |         }));
  95 |     }, []);
  96 |                                  react-hooks/purity

D:\maysanlabs\school-mangment-system\src\components\fees\FeesDashboard.tsx
  89:29  error  Error: Cannot call impure function during render

`Math.random` is an impure function. Calling an impure function can produce unstable results that update unpredictably when the component happens to re-render. (https://react.dev/reference/rules/components-and-hooks-must-be-pure#components-and-hooks-must-be-idempotent).

D:\maysanlabs\school-mangment-system\src\components\fees\FeesDashboard.tsx:89:29
  87 |         return months.map(m => ({
  88 |             name: m,
> 89 |             amt: Math.floor(Math.random() * 500000) + 100000 // Mock trend since we don't have month-wise seed
     |                             ^^^^^^^^^^^^^ Cannot call impure function
  90 |         }));
  91 |     }, []);
  92 |  react-hooks/purity

D:\maysanlabs\school-mangment-system\src\components\gradebook\GradebookDashboard.tsx
  73:27  error  Error: Cannot call impure function during render

`Math.random` is an impure function. Calling an impure function can produce unstable results that update unpredictably when the component happens to re-render. (https://react.dev/reference/rules/components-and-hooks-must-be-pure#components-and-hooks-must-be-idempotent).

D:\maysanlabs\school-mangment-system\src\components\gradebook\GradebookDashboard.tsx:73:27
  71 |     return months.map(m => ({
  72 |         name: m,
> 73 |         score: Math.floor(Math.random() * 20) + 75,
     |                           ^^^^^^^^^^^^^ Cannot call impure function
  74 |         average: 78
  75 |     }));
  76 |   }, []);  react-hooks/purity

D:\maysanlabs\school-mangment-system\src\components\health\HealthDashboard.tsx
  42:32  error  Error: Cannot call impure function during render

`Math.random` is an impure function. Calling an impure function can produce unstable results that update unpredictably when the component happens to re-render. (https://react.dev/reference/rules/components-and-hooks-must-be-pure#components-and-hooks-must-be-idempotent).

D:\maysanlabs\school-mangment-system\src\components\health\HealthDashboard.tsx:42:32
  40 |         return months.map(m => ({
  41 |             name: m,
> 42 |             visits: Math.floor(Math.random() * 50) + 10 // Mock trend
     |                                ^^^^^^^^^^^^^ Cannot call impure function
  43 |         }));
  44 |     }, []);
  45 |  react-hooks/purity

D:\maysanlabs\school-mangment-system\src\components\inventory\InventoryDashboardClient.tsx
  55:37  error  Error: Cannot call impure function during render

`Math.random` is an impure function. Calling an impure function can produce unstable results that update unpredictably when the component happens to re-render. (https://react.dev/reference/rules/components-and-hooks-must-be-pure#components-and-hooks-must-be-idempotent).

D:\maysanlabs\school-mangment-system\src\components\inventory\InventoryDashboardClient.tsx:55:37
  53 |         return months.map(m => ({
  54 |             name: m,
> 55 |             Consumption: Math.floor(Math.random() * 50) + 20,
     |                                     ^^^^^^^^^^^^^ Cannot call impure function
  56 |             Restock: Math.floor(Math.random() * 40) + 10
  57 |         }));
  58 |     }, []);  react-hooks/purity
  56:33  error  Error: Cannot call impure function during render

`Math.random` is an impure function. Calling an impure function can produce unstable results that update unpredictably when the component happens to re-render. (https://react.dev/reference/rules/components-and-hooks-must-be-pure#components-and-hooks-must-be-idempotent).

D:\maysanlabs\school-mangment-system\src\components\inventory\InventoryDashboardClient.tsx:56:33
  54 |             name: m,
  55 |             Consumption: Math.floor(Math.random() * 50) + 20,
> 56 |             Restock: Math.floor(Math.random() * 40) + 10
     |                                 ^^^^^^^^^^^^^ Cannot call impure function
  57 |         }));
  58 |     }, []);
  59 |                                        react-hooks/purity

D:\maysanlabs\school-mangment-system\src\components\shared\Sidebar.tsx
  161:7  error  Error: Calling setState synchronously within an effect can trigger cascading renders

Effects are intended to synchronize state between React and external systems such as manually updating the DOM, state management libraries, or other platform APIs. In general, the body of an effect should do one or both of the following:
* Update external systems with the latest state from React.
* Subscribe for updates from some external system, calling setState in a callback function when external state changes.

Calling setState synchronously within an effect body causes cascading renders that can hurt performance, and is not recommended. (https://react.dev/learn/you-might-not-need-an-effect).

D:\maysanlabs\school-mangment-system\src\components\shared\Sidebar.tsx:161:7
  159 |   useEffect(() => {
  160 |     if (initialProfile) {
> 161 |       setUserProfile(initialProfile);
      |       ^^^^^^^^^^^^^^ Avoid calling setState() directly within an effect
  162 |       return;
  163 |     }
  164 |  react-hooks/set-state-in-effect

D:\maysanlabs\school-mangment-system\src\components\transport\StudentAssignmentDialog.tsx
  61:13  error    Error: Cannot access variable before it is declared

`fetchStudents` is accessed before it is declared, which prevents the earlier access from updating when this value changes over time.

D:\maysanlabs\school-mangment-system\src\components\transport\StudentAssignmentDialog.tsx:61:13
  59 |     useEffect(() => {
  60 |         if (open) {
> 61 |             fetchStudents();
     |             ^^^^^^^^^^^^^ `fetchStudents` accessed before it is declared
  62 |         }
  63 |     }, [open]);
  64 |

D:\maysanlabs\school-mangment-system\src\components\transport\StudentAssignmentDialog.tsx:65:5
  63 |     }, [open]);
  64 |
> 65 |     const fetchStudents = async () => {
     |     ^^^^^^^^^^^^^^^^^^^^^^^^^^^^^^^^^^^
> 66 |         setFetchingStudents(true);
     | ^^^^^^^^^^^^^^^^^^^^^^^^^^^^^^^^^^
> 67 |         const { data, error } = await supabase
     ΓÇª
     | ^^^^^^^^^^^^^^^^^^^^^^^^^^^^^^^^^^
> 77 |         setFetchingStudents(false);
     | ^^^^^^^^^^^^^^^^^^^^^^^^^^^^^^^^^^
> 78 |     };
     | ^^^^^^^ `fetchStudents` is declared here
  79 |
  80 |     const handleAssign = async () => {
  81 |         if (!selectedStudentId || !selectedRouteId) {  react-hooks/immutability
  63:8   warning  React Hook useEffect has a missing dependency: 'fetchStudents'. Either include it or remove the dependency array                                                                                                                                                                                                                                                                                                                                                                                                                                                                                                                                                                                                                                                                                                                                                                                                                                                                                                                                                                                                                                                                                                    react-hooks/exhaustive-deps

Γ£û 20 problems (17 errors, 3 warnings)

