
> school-sms@0.1.0 lint
> eslint


D:\maysanlabs\school-mangment-system\src\components\admin\UserManagement.tsx
  62:5  error  Error: Calling setState synchronously within an effect can trigger cascading renders

Effects are intended to synchronize state between React and external systems such as manually updating the DOM, state management libraries, or other platform APIs. In general, the body of an effect should do one or both of the following:
* Update external systems with the latest state from React.
* Subscribe for updates from some external system, calling setState in a callback function when external state changes.

Calling setState synchronously within an effect body causes cascading renders that can hurt performance, and is not recommended. (https://react.dev/learn/you-might-not-need-an-effect).

D:\maysanlabs\school-mangment-system\src\components\admin\UserManagement.tsx:62:5
  60 |
  61 |   useEffect(() => {
> 62 |     fetchUsers();
     |     ^^^^^^^^^^ Avoid calling setState() directly within an effect
  63 |   }, []);
  64 |
  65 |   const handleRoleUpdate = async (userId: string, newRole: any) => {  react-hooks/set-state-in-effect

D:\maysanlabs\school-mangment-system\src\components\attendance\AttendanceHistory.tsx
  71:7  error    Error: Calling setState synchronously within an effect can trigger cascading renders

Effects are intended to synchronize state between React and external systems such as manually updating the DOM, state management libraries, or other platform APIs. In general, the body of an effect should do one or both of the following:
* Update external systems with the latest state from React.
* Subscribe for updates from some external system, calling setState in a callback function when external state changes.

Calling setState synchronously within an effect body causes cascading renders that can hurt performance, and is not recommended. (https://react.dev/learn/you-might-not-need-an-effect).

D:\maysanlabs\school-mangment-system\src\components\attendance\AttendanceHistory.tsx:71:7
  69 |   useEffect(() => {
  70 |     if (selectedClass) {
> 71 |       fetchHistory();
     |       ^^^^^^^^^^^^ Avoid calling setState() directly within an effect
  72 |     }
  73 |   }, [selectedClass, selectedDate]);
  74 |  react-hooks/set-state-in-effect
  73:6  warning  React Hook useEffect has a missing dependency: 'fetchHistory'. Either include it or remove the dependency array                                                                                                                                                                                                                                                                                                                                                                                                                                                                                                                                                                                                                                                                                                                                                                                                                                                                                                                                    react-hooks/exhaustive-deps

D:\maysanlabs\school-mangment-system\src\components\compliance\ComplianceDashboard.tsx
  44:58  error  Error: Cannot call impure function during render

`Date.now` is an impure function. Calling an impure function can produce unstable results that update unpredictably when the component happens to re-render. (https://react.dev/reference/rules/components-and-hooks-must-be-pure#components-and-hooks-must-be-idempotent).

D:\maysanlabs\school-mangment-system\src\components\compliance\ComplianceDashboard.tsx:44:58
  42 |     const expiringDocs = documents.filter(d => {
  43 |         if (!d.expiry_date) return false;
> 44 |         const diff = new Date(d.expiry_date).getTime() - Date.now();
     |                                                          ^^^^^^^^^^ Cannot call impure function
  45 |         return diff > 0 && diff < 90 * 24 * 60 * 60 * 1000;
  46 |     });
  47 |  react-hooks/purity

D:\maysanlabs\school-mangment-system\src\components\shared\Sidebar.tsx
  161:7  error  Error: Calling setState synchronously within an effect can trigger cascading renders

Effects are intended to synchronize state between React and external systems such as manually updating the DOM, state management libraries, or other platform APIs. In general, the body of an effect should do one or both of the following:
* Update external systems with the latest state from React.
* Subscribe for updates from some external system, calling setState in a callback function when external state changes.

Calling setState synchronously within an effect body causes cascading renders that can hurt performance, and is not recommended. (https://react.dev/learn/you-might-not-need-an-effect).

D:\maysanlabs\school-mangment-system\src\components\shared\Sidebar.tsx:161:7
  159 |   useEffect(() => {
  160 |     if (initialProfile) {
> 161 |       setUserProfile(initialProfile);
      |       ^^^^^^^^^^^^^^ Avoid calling setState() directly within an effect
  162 |       return;
  163 |     }
  164 |  react-hooks/set-state-in-effect

D:\maysanlabs\school-mangment-system\src\components\transport\StudentAssignmentDialog.tsx
  61:13  error    Error: Cannot access variable before it is declared

`fetchStudents` is accessed before it is declared, which prevents the earlier access from updating when this value changes over time.

D:\maysanlabs\school-mangment-system\src\components\transport\StudentAssignmentDialog.tsx:61:13
  59 |     useEffect(() => {
  60 |         if (open) {
> 61 |             fetchStudents();
     |             ^^^^^^^^^^^^^ `fetchStudents` accessed before it is declared
  62 |         }
  63 |     }, [open]);
  64 |

D:\maysanlabs\school-mangment-system\src\components\transport\StudentAssignmentDialog.tsx:65:5
  63 |     }, [open]);
  64 |
> 65 |     const fetchStudents = async () => {
     |     ^^^^^^^^^^^^^^^^^^^^^^^^^^^^^^^^^^^
> 66 |         setFetchingStudents(true);
     | ^^^^^^^^^^^^^^^^^^^^^^^^^^^^^^^^^^
> 67 |         const { data, error } = await supabase
     ΓÇª
     | ^^^^^^^^^^^^^^^^^^^^^^^^^^^^^^^^^^
> 77 |         setFetchingStudents(false);
     | ^^^^^^^^^^^^^^^^^^^^^^^^^^^^^^^^^^
> 78 |     };
     | ^^^^^^^ `fetchStudents` is declared here
  79 |
  80 |     const handleAssign = async () => {
  81 |         if (!selectedStudentId || !selectedRouteId) {  react-hooks/immutability
  63:8   warning  React Hook useEffect has a missing dependency: 'fetchStudents'. Either include it or remove the dependency array                                                                                                                                                                                                                                                                                                                                                                                                                                                                                                                                                                                                                                                                                                                                                                                                                                                                                                                                                                                                                                                                                                    react-hooks/exhaustive-deps

Γ£û 7 problems (5 errors, 2 warnings)

