
> school-sms@0.1.0 lint
> eslint


D:\maysanlabs\school-mangment-system\scripts\verify-connection.ts
  21:19  warning  'pingData' is assigned a value but never used  @typescript-eslint/no-unused-vars

D:\maysanlabs\school-mangment-system\scripts\verify-demo-data.ts
  3:7  warning  'DB_CONNECTION' is assigned a value but never used  @typescript-eslint/no-unused-vars

D:\maysanlabs\school-mangment-system\src\__tests__\services\conduct.test.ts
   6:40  error  Unexpected any. Specify a different type  @typescript-eslint/no-explicit-any
  30:12  error  Unexpected any. Specify a different type  @typescript-eslint/no-explicit-any
  32:76  error  Unexpected any. Specify a different type  @typescript-eslint/no-explicit-any
  49:12  error  Unexpected any. Specify a different type  @typescript-eslint/no-explicit-any
  68:12  error  Unexpected any. Specify a different type  @typescript-eslint/no-explicit-any

D:\maysanlabs\school-mangment-system\src\__tests__\services\inventory.test.ts
   6:40  error    Unexpected any. Specify a different type        @typescript-eslint/no-explicit-any
  22:13  warning  'mockQuery' is assigned a value but never used  @typescript-eslint/no-unused-vars
  31:12  error    Unexpected any. Specify a different type        @typescript-eslint/no-explicit-any
  38:12  error    Unexpected any. Specify a different type        @typescript-eslint/no-explicit-any
  59:16  error    Unexpected any. Specify a different type        @typescript-eslint/no-explicit-any
  66:16  error    Unexpected any. Specify a different type        @typescript-eslint/no-explicit-any
  68:22  error    Unexpected any. Specify a different type        @typescript-eslint/no-explicit-any

D:\maysanlabs\school-mangment-system\src\app\(dashboard)\admin\dashboard\AdminCharts.tsx
  4:41  warning  'CartesianGrid' is defined but never used  @typescript-eslint/no-unused-vars

D:\maysanlabs\school-mangment-system\src\app\(dashboard)\admin\dashboard\page.tsx
    8:16  warning  'CardContent' is defined but never used                          @typescript-eslint/no-unused-vars
   16:61  error    Unexpected any. Specify a different type                         @typescript-eslint/no-explicit-any
   17:44  error    Unexpected any. Specify a different type                         @typescript-eslint/no-explicit-any
  155:15  error    `"` can be escaped with `&quot;`, `&ldquo;`, `&#34;`, `&rdquo;`  react/no-unescaped-entities
  156:55  error    `"` can be escaped with `&quot;`, `&ldquo;`, `&#34;`, `&rdquo;`  react/no-unescaped-entities

D:\maysanlabs\school-mangment-system\src\app\(dashboard)\attendance\page.tsx
  10:16  error  Unexpected any. Specify a different type  @typescript-eslint/no-explicit-any
  11:17  error  Unexpected any. Specify a different type  @typescript-eslint/no-explicit-any
  12:24  error  Unexpected any. Specify a different type  @typescript-eslint/no-explicit-any
  13:23  error  Unexpected any. Specify a different type  @typescript-eslint/no-explicit-any

D:\maysanlabs\school-mangment-system\src\app\(dashboard)\certificates\page.tsx
   4:10  warning  'Certificate' is defined but never used   @typescript-eslint/no-unused-vars
  35:17  error    Unexpected any. Specify a different type  @typescript-eslint/no-explicit-any
  50:45  error    Unexpected any. Specify a different type  @typescript-eslint/no-explicit-any

D:\maysanlabs\school-mangment-system\src\app\(dashboard)\classes\page.tsx
  9:26  warning  'error' is assigned a value but never used  @typescript-eslint/no-unused-vars

D:\maysanlabs\school-mangment-system\src\app\(dashboard)\conduct\page.tsx
  10:23  error  Unexpected any. Specify a different type  @typescript-eslint/no-explicit-any
  11:17  error  Unexpected any. Specify a different type  @typescript-eslint/no-explicit-any
  12:17  error  Unexpected any. Specify a different type  @typescript-eslint/no-explicit-any

D:\maysanlabs\school-mangment-system\src\app\(dashboard)\exams\page.tsx
  10:14  error  Unexpected any. Specify a different type  @typescript-eslint/no-explicit-any
  11:16  error  Unexpected any. Specify a different type  @typescript-eslint/no-explicit-any
  12:17  error  Unexpected any. Specify a different type  @typescript-eslint/no-explicit-any
  13:17  error  Unexpected any. Specify a different type  @typescript-eslint/no-explicit-any

D:\maysanlabs\school-mangment-system\src\app\(dashboard)\fees\page.tsx
   4:32  warning  'TrendingUp' is defined but never used    @typescript-eslint/no-unused-vars
  11:13  error    Unexpected any. Specify a different type  @typescript-eslint/no-explicit-any
  12:17  error    Unexpected any. Specify a different type  @typescript-eslint/no-explicit-any
  13:17  error    Unexpected any. Specify a different type  @typescript-eslint/no-explicit-any
  14:16  error    Unexpected any. Specify a different type  @typescript-eslint/no-explicit-any
  15:22  error    Unexpected any. Specify a different type  @typescript-eslint/no-explicit-any
  16:22  error    Unexpected any. Specify a different type  @typescript-eslint/no-explicit-any

D:\maysanlabs\school-mangment-system\src\app\(dashboard)\gateways\page.tsx
   3:10  warning  'useState' is defined but never used     @typescript-eslint/no-unused-vars
  20:3   warning  'CardContent' is defined but never used  @typescript-eslint/no-unused-vars

D:\maysanlabs\school-mangment-system\src\app\(dashboard)\gradebook\page.tsx
  13:24  error  Unexpected any. Specify a different type  @typescript-eslint/no-explicit-any

D:\maysanlabs\school-mangment-system\src\app\(dashboard)\health\page.tsx
  10:22  error  Unexpected any. Specify a different type  @typescript-eslint/no-explicit-any
  11:23  error  Unexpected any. Specify a different type  @typescript-eslint/no-explicit-any
  12:17  error  Unexpected any. Specify a different type  @typescript-eslint/no-explicit-any

D:\maysanlabs\school-mangment-system\src\app\(dashboard)\library\page.tsx
  10:14  error  Unexpected any. Specify a different type  @typescript-eslint/no-explicit-any
  11:21  error  Unexpected any. Specify a different type  @typescript-eslint/no-explicit-any
  12:17  error  Unexpected any. Specify a different type  @typescript-eslint/no-explicit-any
  13:23  error  Unexpected any. Specify a different type  @typescript-eslint/no-explicit-any

D:\maysanlabs\school-mangment-system\src\app\(dashboard)\page.tsx
    1:10  warning  'Card' is defined but never used         @typescript-eslint/no-unused-vars
    1:16  warning  'CardContent' is defined but never used  @typescript-eslint/no-unused-vars
    1:29  warning  'CardHeader' is defined but never used   @typescript-eslint/no-unused-vars
    1:41  warning  'CardTitle' is defined but never used    @typescript-eslint/no-unused-vars
   10:3   warning  'TrendingUp' is defined but never used   @typescript-eslint/no-unused-vars
   14:10  warning  'Badge' is defined but never used        @typescript-eslint/no-unused-vars
  133:27  warning  'i' is defined but never used            @typescript-eslint/no-unused-vars

D:\maysanlabs\school-mangment-system\src\app\(dashboard)\parent\dashboard\page.tsx
   2:10  warning  'InstitutionalService' is defined but never used  @typescript-eslint/no-unused-vars
   3:10  warning  'getSessionRole' is defined but never used        @typescript-eslint/no-unused-vars
   4:10  warning  'Card' is defined but never used                  @typescript-eslint/no-unused-vars
   4:16  warning  'CardContent' is defined but never used           @typescript-eslint/no-unused-vars
  11:3   warning  'Clock' is defined but never used                 @typescript-eslint/no-unused-vars
  12:3   warning  'DollarSign' is defined but never used            @typescript-eslint/no-unused-vars
  15:3   warning  'Calendar' is defined but never used              @typescript-eslint/no-unused-vars
  18:10  warning  'cn' is defined but never used                    @typescript-eslint/no-unused-vars
  67:39  error    Unexpected any. Specify a different type          @typescript-eslint/no-explicit-any

D:\maysanlabs\school-mangment-system\src\app\(dashboard)\reports\page.tsx
  12:29  warning  'CardHeader' is defined but never used    @typescript-eslint/no-unused-vars
  12:41  warning  'CardTitle' is defined but never used     @typescript-eslint/no-unused-vars
  57:42  error    Unexpected any. Specify a different type  @typescript-eslint/no-explicit-any

D:\maysanlabs\school-mangment-system\src\app\(dashboard)\student\dashboard\page.tsx
  2:16  warning  'CardContent' is defined but never used   @typescript-eslint/no-unused-vars
  2:29  warning  'CardHeader' is defined but never used    @typescript-eslint/no-unused-vars
  2:41  warning  'CardTitle' is defined but never used     @typescript-eslint/no-unused-vars
  7:88  error    Unexpected any. Specify a different type  @typescript-eslint/no-explicit-any

D:\maysanlabs\school-mangment-system\src\app\(dashboard)\students\[id]\page.tsx
   3:10  warning  'Card' is defined but never used           @typescript-eslint/no-unused-vars
  11:5   warning  'Calendar' is defined but never used       @typescript-eslint/no-unused-vars
  12:5   warning  'GraduationCap' is defined but never used  @typescript-eslint/no-unused-vars

D:\maysanlabs\school-mangment-system\src\app\(dashboard)\students\page.tsx
  7:68  warning  'err' is defined but never used           @typescript-eslint/no-unused-vars
  7:73  error    Unexpected any. Specify a different type  @typescript-eslint/no-explicit-any

D:\maysanlabs\school-mangment-system\src\app\(dashboard)\subjects\page.tsx
  3:10  warning  'BrainCircuit' is defined but never used    @typescript-eslint/no-unused-vars
  8:27  warning  'error' is assigned a value but never used  @typescript-eslint/no-unused-vars

D:\maysanlabs\school-mangment-system\src\app\(dashboard)\teacher\dashboard\page.tsx
   8:16  warning  'CardContent' is defined but never used   @typescript-eslint/no-unused-vars
   8:29  warning  'CardHeader' is defined but never used    @typescript-eslint/no-unused-vars
   8:41  warning  'CardTitle' is defined but never used     @typescript-eslint/no-unused-vars
  11:8   warning  'Link' is defined but never used          @typescript-eslint/no-unused-vars
  14:88  error    Unexpected any. Specify a different type  @typescript-eslint/no-explicit-any

D:\maysanlabs\school-mangment-system\src\app\(dashboard)\teachers\page.tsx
  7:28  warning  'Shovel' is defined but never used  @typescript-eslint/no-unused-vars

D:\maysanlabs\school-mangment-system\src\app\(dashboard)\timetable\page.tsx
  10:19  error  Unexpected any. Specify a different type  @typescript-eslint/no-explicit-any
  11:16  error  Unexpected any. Specify a different type  @typescript-eslint/no-explicit-any
  12:17  error  Unexpected any. Specify a different type  @typescript-eslint/no-explicit-any
  13:17  error  Unexpected any. Specify a different type  @typescript-eslint/no-explicit-any
  42:30  error  Unexpected any. Specify a different type  @typescript-eslint/no-explicit-any

D:\maysanlabs\school-mangment-system\src\app\(dashboard)\users\actions.ts
    7:47  error  Unexpected any. Specify a different type  @typescript-eslint/no-explicit-any
   45:19  error  Unexpected any. Specify a different type  @typescript-eslint/no-explicit-any
   51:64  error  Unexpected any. Specify a different type  @typescript-eslint/no-explicit-any
   61:23  error  Unexpected any. Specify a different type  @typescript-eslint/no-explicit-any
   89:19  error  Unexpected any. Specify a different type  @typescript-eslint/no-explicit-any
  111:19  error  Unexpected any. Specify a different type  @typescript-eslint/no-explicit-any

D:\maysanlabs\school-mangment-system\src\app\actions\activities.ts
  28:21  error  Unexpected any. Specify a different type  @typescript-eslint/no-explicit-any
  64:21  error  Unexpected any. Specify a different type  @typescript-eslint/no-explicit-any

D:\maysanlabs\school-mangment-system\src\app\actions\attendance.ts
  32:21  error  Unexpected any. Specify a different type  @typescript-eslint/no-explicit-any
  51:21  error  Unexpected any. Specify a different type  @typescript-eslint/no-explicit-any
  71:21  error  Unexpected any. Specify a different type  @typescript-eslint/no-explicit-any
  87:21  error  Unexpected any. Specify a different type  @typescript-eslint/no-explicit-any

D:\maysanlabs\school-mangment-system\src\app\actions\bulk-import.ts
   83:36  error  Unexpected any. Specify a different type  @typescript-eslint/no-explicit-any
  101:34  error  Unexpected any. Specify a different type  @typescript-eslint/no-explicit-any
  117:21  error  Unexpected any. Specify a different type  @typescript-eslint/no-explicit-any
  193:34  error  Unexpected any. Specify a different type  @typescript-eslint/no-explicit-any
  209:21  error  Unexpected any. Specify a different type  @typescript-eslint/no-explicit-any

D:\maysanlabs\school-mangment-system\src\app\actions\certificates.ts
  34:21  error  Unexpected any. Specify a different type  @typescript-eslint/no-explicit-any
  53:21  error  Unexpected any. Specify a different type  @typescript-eslint/no-explicit-any

D:\maysanlabs\school-mangment-system\src\app\actions\classes.ts
  21:21  error  Unexpected any. Specify a different type  @typescript-eslint/no-explicit-any
  40:21  error  Unexpected any. Specify a different type  @typescript-eslint/no-explicit-any
  55:21  error  Unexpected any. Specify a different type  @typescript-eslint/no-explicit-any

D:\maysanlabs\school-mangment-system\src\app\actions\exams.ts
   27:21  error  Unexpected any. Specify a different type  @typescript-eslint/no-explicit-any
   50:21  error  Unexpected any. Specify a different type  @typescript-eslint/no-explicit-any
   65:21  error  Unexpected any. Specify a different type  @typescript-eslint/no-explicit-any
   90:21  error  Unexpected any. Specify a different type  @typescript-eslint/no-explicit-any
  105:21  error  Unexpected any. Specify a different type  @typescript-eslint/no-explicit-any
  121:21  error  Unexpected any. Specify a different type  @typescript-eslint/no-explicit-any

D:\maysanlabs\school-mangment-system\src\app\actions\fees.ts
   23:21  error  Unexpected any. Specify a different type  @typescript-eslint/no-explicit-any
   42:21  error  Unexpected any. Specify a different type  @typescript-eslint/no-explicit-any
   54:21  error  Unexpected any. Specify a different type  @typescript-eslint/no-explicit-any
   69:21  error  Unexpected any. Specify a different type  @typescript-eslint/no-explicit-any
   96:21  error  Unexpected any. Specify a different type  @typescript-eslint/no-explicit-any
  112:21  error  Unexpected any. Specify a different type  @typescript-eslint/no-explicit-any
  145:21  error  Unexpected any. Specify a different type  @typescript-eslint/no-explicit-any

D:\maysanlabs\school-mangment-system\src\app\actions\health.ts
   27:21  error  Unexpected any. Specify a different type  @typescript-eslint/no-explicit-any
   42:21  error  Unexpected any. Specify a different type  @typescript-eslint/no-explicit-any
   64:21  error  Unexpected any. Specify a different type  @typescript-eslint/no-explicit-any
   79:21  error  Unexpected any. Specify a different type  @typescript-eslint/no-explicit-any
  101:21  error  Unexpected any. Specify a different type  @typescript-eslint/no-explicit-any
  120:21  error  Unexpected any. Specify a different type  @typescript-eslint/no-explicit-any

D:\maysanlabs\school-mangment-system\src\app\actions\heritage.ts
  62:21  error  Unexpected any. Specify a different type  @typescript-eslint/no-explicit-any
  68:46  error  Unexpected any. Specify a different type  @typescript-eslint/no-explicit-any
  81:21  error  Unexpected any. Specify a different type  @typescript-eslint/no-explicit-any

D:\maysanlabs\school-mangment-system\src\app\actions\library.ts
   25:21  error  Unexpected any. Specify a different type  @typescript-eslint/no-explicit-any
   44:21  error  Unexpected any. Specify a different type  @typescript-eslint/no-explicit-any
   56:21  error  Unexpected any. Specify a different type  @typescript-eslint/no-explicit-any
   97:21  error  Unexpected any. Specify a different type  @typescript-eslint/no-explicit-any
  145:21  error  Unexpected any. Specify a different type  @typescript-eslint/no-explicit-any

D:\maysanlabs\school-mangment-system\src\app\actions\modules.ts
   31:21  error  Unexpected any. Specify a different type  @typescript-eslint/no-explicit-any
   46:21  error  Unexpected any. Specify a different type  @typescript-eslint/no-explicit-any
   60:21  error  Unexpected any. Specify a different type  @typescript-eslint/no-explicit-any
   83:21  error  Unexpected any. Specify a different type  @typescript-eslint/no-explicit-any
  104:21  error  Unexpected any. Specify a different type  @typescript-eslint/no-explicit-any
  116:21  error  Unexpected any. Specify a different type  @typescript-eslint/no-explicit-any
  137:21  error  Unexpected any. Specify a different type  @typescript-eslint/no-explicit-any
  158:21  error  Unexpected any. Specify a different type  @typescript-eslint/no-explicit-any
  172:21  error  Unexpected any. Specify a different type  @typescript-eslint/no-explicit-any
  191:21  error  Unexpected any. Specify a different type  @typescript-eslint/no-explicit-any
  207:21  error  Unexpected any. Specify a different type  @typescript-eslint/no-explicit-any
  221:21  error  Unexpected any. Specify a different type  @typescript-eslint/no-explicit-any

D:\maysanlabs\school-mangment-system\src\app\actions\parents.ts
  93:21  error  Unexpected any. Specify a different type  @typescript-eslint/no-explicit-any

D:\maysanlabs\school-mangment-system\src\app\actions\payroll.ts
   26:21  error  Unexpected any. Specify a different type  @typescript-eslint/no-explicit-any
   41:21  error  Unexpected any. Specify a different type  @typescript-eslint/no-explicit-any
   56:21  error  Unexpected any. Specify a different type  @typescript-eslint/no-explicit-any
   76:21  error  Unexpected any. Specify a different type  @typescript-eslint/no-explicit-any
   91:21  error  Unexpected any. Specify a different type  @typescript-eslint/no-explicit-any
  105:21  error  Unexpected any. Specify a different type  @typescript-eslint/no-explicit-any

D:\maysanlabs\school-mangment-system\src\app\actions\seed-all.ts
  13:17  error  Unexpected any. Specify a different type  @typescript-eslint/no-explicit-any

D:\maysanlabs\school-mangment-system\src\app\actions\settings.ts
  19:55  error  Unexpected any. Specify a different type  @typescript-eslint/no-explicit-any
  53:21  error  Unexpected any. Specify a different type  @typescript-eslint/no-explicit-any

D:\maysanlabs\school-mangment-system\src\app\actions\students.ts
   59:28  error  Unexpected any. Specify a different type  @typescript-eslint/no-explicit-any
  133:28  error  Unexpected any. Specify a different type  @typescript-eslint/no-explicit-any

D:\maysanlabs\school-mangment-system\src\app\actions\subjects.ts
  10:16  error  Unexpected any. Specify a different type  @typescript-eslint/no-explicit-any
  19:21  error  Unexpected any. Specify a different type  @typescript-eslint/no-explicit-any
  28:15  error  Unexpected any. Specify a different type  @typescript-eslint/no-explicit-any
  37:21  error  Unexpected any. Specify a different type  @typescript-eslint/no-explicit-any
  49:21  error  Unexpected any. Specify a different type  @typescript-eslint/no-explicit-any

D:\maysanlabs\school-mangment-system\src\app\actions\timetable.ts
   78:21  error  Unexpected any. Specify a different type  @typescript-eslint/no-explicit-any
   93:21  error  Unexpected any. Specify a different type  @typescript-eslint/no-explicit-any
  112:21  error  Unexpected any. Specify a different type  @typescript-eslint/no-explicit-any

D:\maysanlabs\school-mangment-system\src\app\actions\transport.ts
   22:21  error  Unexpected any. Specify a different type  @typescript-eslint/no-explicit-any
   42:21  error  Unexpected any. Specify a different type  @typescript-eslint/no-explicit-any
   54:21  error  Unexpected any. Specify a different type  @typescript-eslint/no-explicit-any
   74:21  error  Unexpected any. Specify a different type  @typescript-eslint/no-explicit-any
   91:21  error  Unexpected any. Specify a different type  @typescript-eslint/no-explicit-any
  103:21  error  Unexpected any. Specify a different type  @typescript-eslint/no-explicit-any
  123:21  error  Unexpected any. Specify a different type  @typescript-eslint/no-explicit-any
  138:21  error  Unexpected any. Specify a different type  @typescript-eslint/no-explicit-any

D:\maysanlabs\school-mangment-system\src\app\launcher\page.tsx
  24:50  error  Unexpected any. Specify a different type  @typescript-eslint/no-explicit-any

D:\maysanlabs\school-mangment-system\src\app\login\page.tsx
  71:15  warning  'role' is assigned a value but never used  @typescript-eslint/no-unused-vars
  74:14  warning  'e' is defined but never used              @typescript-eslint/no-unused-vars

D:\maysanlabs\school-mangment-system\src\app\page.tsx
  21:9  warning  'role' is assigned a value but never used  @typescript-eslint/no-unused-vars

D:\maysanlabs\school-mangment-system\src\components\activities\ActivitiesDashboard.tsx
    9:5   warning  'Star' is defined but never used     @typescript-eslint/no-unused-vars
   10:5   warning  'Palette' is defined but never used  @typescript-eslint/no-unused-vars
   11:5   warning  'Music' is defined but never used    @typescript-eslint/no-unused-vars
   30:10  warning  'cn' is defined but never used       @typescript-eslint/no-unused-vars
  114:18  warning  'error' is defined but never used    @typescript-eslint/no-unused-vars

D:\maysanlabs\school-mangment-system\src\components\admin\UserManagement.tsx
  44:38  error  Unexpected any. Specify a different type                                                                                                                                                                                                                                                                                                                                                                                                                                                                                                                                                                                                                                                                                                                                                                                                                                                                                                                                                                                                      @typescript-eslint/no-explicit-any
  62:5   error  Error: Calling setState synchronously within an effect can trigger cascading renders

Effects are intended to synchronize state between React and external systems such as manually updating the DOM, state management libraries, or other platform APIs. In general, the body of an effect should do one or both of the following:
* Update external systems with the latest state from React.
* Subscribe for updates from some external system, calling setState in a callback function when external state changes.

Calling setState synchronously within an effect body causes cascading renders that can hurt performance, and is not recommended. (https://react.dev/learn/you-might-not-need-an-effect).

D:\maysanlabs\school-mangment-system\src\components\admin\UserManagement.tsx:62:5
  60 |
  61 |   useEffect(() => {
> 62 |     fetchUsers();
     |     ^^^^^^^^^^ Avoid calling setState() directly within an effect
  63 |   }, []);
  64 |
  65 |   const handleRoleUpdate = async (userId: string, newRole: any) => {  react-hooks/set-state-in-effect
  65:60  error  Unexpected any. Specify a different type                                                                                                                                                                                                                                                                                                                                                                                                                                                                                                                                                                                                                                                                                                                                                                                                                                                                                                                                                                                                      @typescript-eslint/no-explicit-any
  93:21  error  Unexpected any. Specify a different type                                                                                                                                                                                                                                                                                                                                                                                                                                                                                                                                                                                                                                                                                                                                                                                                                                                                                                                                                                                                      @typescript-eslint/no-explicit-any

D:\maysanlabs\school-mangment-system\src\components\ai\PerformancePredictor.tsx
   8:3   warning  'CheckCircle2' is defined but never used  @typescript-eslint/no-unused-vars
  11:3   warning  'Loader2' is defined but never used       @typescript-eslint/no-unused-vars
  14:10  warning  'Progress' is defined but never used      @typescript-eslint/no-unused-vars

D:\maysanlabs\school-mangment-system\src\components\analytics\AnalyticsDashboard.tsx
   4:19  warning  'TrendingUp' is defined but never used      @typescript-eslint/no-unused-vars
   4:53  warning  'Zap' is defined but never used             @typescript-eslint/no-unused-vars
   5:5   warning  'ArrowUpRight' is defined but never used    @typescript-eslint/no-unused-vars
   5:19  warning  'ArrowDownRight' is defined but never used  @typescript-eslint/no-unused-vars
   8:10  warning  'Badge' is defined but never used           @typescript-eslint/no-unused-vars
  16:21  error    Unexpected any. Specify a different type    @typescript-eslint/no-explicit-any
  17:15  error    Unexpected any. Specify a different type    @typescript-eslint/no-explicit-any
  18:12  error    Unexpected any. Specify a different type    @typescript-eslint/no-explicit-any
  21:18  error    Unexpected any. Specify a different type    @typescript-eslint/no-explicit-any
  22:24  error    Unexpected any. Specify a different type    @typescript-eslint/no-explicit-any

D:\maysanlabs\school-mangment-system\src\components\attendance\AttendanceDashboard.tsx
    6:5   warning  'ChevronDown' is defined but never used            @typescript-eslint/no-unused-vars
    8:10  warning  'Card' is defined but never used                   @typescript-eslint/no-unused-vars
    8:16  warning  'CardContent' is defined but never used            @typescript-eslint/no-unused-vars
    8:29  warning  'CardHeader' is defined but never used             @typescript-eslint/no-unused-vars
    8:41  warning  'CardTitle' is defined but never used              @typescript-eslint/no-unused-vars
   11:10  warning  'Badge' is defined but never used                  @typescript-eslint/no-unused-vars
   23:14  error    Unexpected any. Specify a different type           @typescript-eslint/no-explicit-any
   24:15  error    Unexpected any. Specify a different type           @typescript-eslint/no-explicit-any
   25:22  error    Unexpected any. Specify a different type           @typescript-eslint/no-explicit-any
   26:21  error    Unexpected any. Specify a different type           @typescript-eslint/no-explicit-any
   49:58  error    Unexpected any. Specify a different type           @typescript-eslint/no-explicit-any
   61:62  error    Unexpected any. Specify a different type           @typescript-eslint/no-explicit-any
   72:11  warning  'weekAbsent' is assigned a value but never used    @typescript-eslint/no-unused-vars
  108:37  error    Unexpected any. Specify a different type           @typescript-eslint/no-explicit-any
  200:11  warning  'excusedCount' is assigned a value but never used  @typescript-eslint/no-unused-vars
  406:73  warning  'idx' is defined but never used                    @typescript-eslint/no-unused-vars

D:\maysanlabs\school-mangment-system\src\components\attendance\AttendanceForm.tsx
  14:17  warning  'Student' is defined but never used       @typescript-eslint/no-unused-vars
  25:44  error    Unexpected any. Specify a different type  @typescript-eslint/no-explicit-any
  69:20  error    Unexpected any. Specify a different type  @typescript-eslint/no-explicit-any

D:\maysanlabs\school-mangment-system\src\components\attendance\AttendanceHistory.tsx
   5:22  warning  'CalendarIcon' is defined but never used                                                                                                                                                                                                                                                                                                                                                                                                                                                                                                                                                                                                                                                                                                                                                                                                                                                                                                                                                                                                           @typescript-eslint/no-unused-vars
   5:44  warning  'Search' is defined but never used                                                                                                                                                                                                                                                                                                                                                                                                                                                                                                                                                                                                                                                                                                                                                                                                                                                                                                                                                                                                                 @typescript-eslint/no-unused-vars
  24:10  warning  'AttendanceService' is defined but never used                                                                                                                                                                                                                                                                                                                                                                                                                                                                                                                                                                                                                                                                                                                                                                                                                                                                                                                                                                                                      @typescript-eslint/no-unused-vars
  28:10  warning  'Skeleton' is defined but never used                                                                                                                                                                                                                                                                                                                                                                                                                                                                                                                                                                                                                                                                                                                                                                                                                                                                                                                                                                                                               @typescript-eslint/no-unused-vars
  40:42  error    Unexpected any. Specify a different type                                                                                                                                                                                                                                                                                                                                                                                                                                                                                                                                                                                                                                                                                                                                                                                                                                                                                                                                                                                                           @typescript-eslint/no-explicit-any
  48:19  warning  'error' is assigned a value but never used                                                                                                                                                                                                                                                                                                                                                                                                                                                                                                                                                                                                                                                                                                                                                                                                                                                                                                                                                                                                         @typescript-eslint/no-unused-vars
  71:7   error    Error: Calling setState synchronously within an effect can trigger cascading renders

Effects are intended to synchronize state between React and external systems such as manually updating the DOM, state management libraries, or other platform APIs. In general, the body of an effect should do one or both of the following:
* Update external systems with the latest state from React.
* Subscribe for updates from some external system, calling setState in a callback function when external state changes.

Calling setState synchronously within an effect body causes cascading renders that can hurt performance, and is not recommended. (https://react.dev/learn/you-might-not-need-an-effect).

D:\maysanlabs\school-mangment-system\src\components\attendance\AttendanceHistory.tsx:71:7
  69 |   useEffect(() => {
  70 |     if (selectedClass) {
> 71 |       fetchHistory();
     |       ^^^^^^^^^^^^ Avoid calling setState() directly within an effect
  72 |     }
  73 |   }, [selectedClass, selectedDate]);
  74 |  react-hooks/set-state-in-effect
  73:6   warning  React Hook useEffect has a missing dependency: 'fetchHistory'. Either include it or remove the dependency array                                                                                                                                                                                                                                                                                                                                                                                                                                                                                                                                                                                                                                                                                                                                                                                                                                                                                                                                    react-hooks/exhaustive-deps

D:\maysanlabs\school-mangment-system\src\components\audit\AuditDashboardClient.tsx
  15:5   warning  'CardHeader' is defined but never used    @typescript-eslint/no-unused-vars
  16:5   warning  'CardTitle' is defined but never used     @typescript-eslint/no-unused-vars
  17:5   warning  'CardContent' is defined but never used   @typescript-eslint/no-unused-vars
  24:64  error    Unexpected any. Specify a different type  @typescript-eslint/no-explicit-any

D:\maysanlabs\school-mangment-system\src\components\certificates\CertificatePDF.tsx
   2:50  warning  'Font' is defined but never used          @typescript-eslint/no-unused-vars
  94:18  error    Unexpected any. Specify a different type  @typescript-eslint/no-explicit-any

D:\maysanlabs\school-mangment-system\src\components\certificates\CertificatesDashboardClient.tsx
    3:20  warning  'useRef' is defined but never used         @typescript-eslint/no-unused-vars
    7:5   warning  'Share2' is defined but never used         @typescript-eslint/no-unused-vars
    8:5   warning  'Printer' is defined but never used        @typescript-eslint/no-unused-vars
   16:5   warning  'Eye' is defined but never used            @typescript-eslint/no-unused-vars
   55:5   warning  'currentUserId' is defined but never used  @typescript-eslint/no-unused-vars
   58:26  error    Unexpected any. Specify a different type   @typescript-eslint/no-explicit-any
   95:18  warning  'error' is defined but never used          @typescript-eslint/no-unused-vars
  113:18  warning  'error' is defined but never used          @typescript-eslint/no-unused-vars

D:\maysanlabs\school-mangment-system\src\components\classes\ClassForm.tsx
  30:6   warning  'ClassFormValues' is defined but never used  @typescript-eslint/no-unused-vars
  47:43  error    Unexpected any. Specify a different type     @typescript-eslint/no-explicit-any
  77:14  warning  'error' is defined but never used            @typescript-eslint/no-unused-vars

D:\maysanlabs\school-mangment-system\src\components\classes\ClassList.tsx
  12:5   warning  'Hash' is defined but never used               @typescript-eslint/no-unused-vars
  16:10  warning  'cn' is defined but never used                 @typescript-eslint/no-unused-vars
  18:5   warning  'Table' is defined but never used              @typescript-eslint/no-unused-vars
  19:5   warning  'TableBody' is defined but never used          @typescript-eslint/no-unused-vars
  20:5   warning  'TableCell' is defined but never used          @typescript-eslint/no-unused-vars
  21:5   warning  'TableHead' is defined but never used          @typescript-eslint/no-unused-vars
  22:5   warning  'TableHeader' is defined but never used        @typescript-eslint/no-unused-vars
  23:5   warning  'TableRow' is defined but never used           @typescript-eslint/no-unused-vars
  36:5   warning  'DialogDescription' is defined but never used  @typescript-eslint/no-unused-vars
  37:5   warning  'DialogHeader' is defined but never used       @typescript-eslint/no-unused-vars
  38:5   warning  'DialogTitle' is defined but never used        @typescript-eslint/no-unused-vars

D:\maysanlabs\school-mangment-system\src\components\compliance\ComplianceDashboard.tsx
   5:23  warning  'Download' is defined but never used                                                                                                                                                                                                                                                                                                                                                                                                                                                                                                                                                                                                                                                                                                                                                                              @typescript-eslint/no-unused-vars
   5:33  warning  'Eye' is defined but never used                                                                                                                                                                                                                                                                                                                                                                                                                                                                                                                                                                                                                                                                                                                                                                                   @typescript-eslint/no-unused-vars
   5:99  warning  'Plus' is defined but never used                                                                                                                                                                                                                                                                                                                                                                                                                                                                                                                                                                                                                                                                                                                                                                                  @typescript-eslint/no-unused-vars
   7:52  warning  'CardFooter' is defined but never used                                                                                                                                                                                                                                                                                                                                                                                                                                                                                                                                                                                                                                                                                                                                                                            @typescript-eslint/no-unused-vars
  16:10  warning  'cn' is defined but never used                                                                                                                                                                                                                                                                                                                                                                                                                                                                                                                                                                                                                                                                                                                                                                                    @typescript-eslint/no-unused-vars
  19:16  error    Unexpected any. Specify a different type                                                                                                                                                                                                                                                                                                                                                                                                                                                                                                                                                                                                                                                                                                                                                                          @typescript-eslint/no-explicit-any
  20:16  error    Unexpected any. Specify a different type                                                                                                                                                                                                                                                                                                                                                                                                                                                                                                                                                                                                                                                                                                                                                                          @typescript-eslint/no-explicit-any
  44:58  error    Error: Cannot call impure function during render

`Date.now` is an impure function. Calling an impure function can produce unstable results that update unpredictably when the component happens to re-render. (https://react.dev/reference/rules/components-and-hooks-must-be-pure#components-and-hooks-must-be-idempotent).

D:\maysanlabs\school-mangment-system\src\components\compliance\ComplianceDashboard.tsx:44:58
  42 |     const expiringDocs = documents.filter(d => {
  43 |         if (!d.expiry_date) return false;
> 44 |         const diff = new Date(d.expiry_date).getTime() - Date.now();
     |                                                          ^^^^^^^^^^ Cannot call impure function
  45 |         return diff > 0 && diff < 90 * 24 * 60 * 60 * 1000;
  46 |     });
  47 |  react-hooks/purity

D:\maysanlabs\school-mangment-system\src\components\conduct\ConductDashboard.tsx
   5:16  warning  'CardContent' is defined but never used   @typescript-eslint/no-unused-vars
  17:14  error    Unexpected any. Specify a different type  @typescript-eslint/no-explicit-any
  18:15  error    Unexpected any. Specify a different type  @typescript-eslint/no-explicit-any
  19:15  error    Unexpected any. Specify a different type  @typescript-eslint/no-explicit-any
  23:55  warning  'teachers' is defined but never used      @typescript-eslint/no-unused-vars

D:\maysanlabs\school-mangment-system\src\components\exams\ExamForm.tsx
  37:17  error    Unexpected any. Specify a different type  @typescript-eslint/no-explicit-any
  38:18  error    Unexpected any. Specify a different type  @typescript-eslint/no-explicit-any
  74:14  warning  'error' is defined but never used         @typescript-eslint/no-unused-vars

D:\maysanlabs\school-mangment-system\src\components\exams\ExamList.tsx
  24:16  error    Unexpected any. Specify a different type      @typescript-eslint/no-explicit-any
  25:18  error    Unexpected any. Specify a different type      @typescript-eslint/no-explicit-any
  29:16  warning  'setData' is assigned a value but never used  @typescript-eslint/no-unused-vars
  29:36  error    Unexpected any. Specify a different type      @typescript-eslint/no-explicit-any
  31:50  error    Unexpected any. Specify a different type      @typescript-eslint/no-explicit-any
  38:25  error    Unexpected any. Specify a different type      @typescript-eslint/no-explicit-any

D:\maysanlabs\school-mangment-system\src\components\exams\ExamsDashboard.tsx
    5:71  warning  'BarChart3' is defined but never used               @typescript-eslint/no-unused-vars
    7:10  warning  'Card' is defined but never used                    @typescript-eslint/no-unused-vars
    7:16  warning  'CardContent' is defined but never used             @typescript-eslint/no-unused-vars
    7:29  warning  'CardHeader' is defined but never used              @typescript-eslint/no-unused-vars
    7:41  warning  'CardTitle' is defined but never used               @typescript-eslint/no-unused-vars
   10:10  warning  'Badge' is defined but never used                   @typescript-eslint/no-unused-vars
   13:33  warning  'DialogHeader' is defined but never used            @typescript-eslint/no-unused-vars
   13:47  warning  'DialogTitle' is defined but never used             @typescript-eslint/no-unused-vars
   13:60  warning  'DialogTrigger' is defined but never used           @typescript-eslint/no-unused-vars
   22:10  warning  'cn' is defined but never used                      @typescript-eslint/no-unused-vars
   25:12  error    Unexpected any. Specify a different type            @typescript-eslint/no-explicit-any
   26:14  error    Unexpected any. Specify a different type            @typescript-eslint/no-explicit-any
   27:15  error    Unexpected any. Specify a different type            @typescript-eslint/no-explicit-any
   28:20  error    Unexpected any. Specify a different type            @typescript-eslint/no-explicit-any
   29:15  error    Unexpected any. Specify a different type            @typescript-eslint/no-explicit-any
   50:54  error    Unexpected any. Specify a different type            @typescript-eslint/no-explicit-any
   52:12  warning  'existingMarks' is assigned a value but never used  @typescript-eslint/no-unused-vars
   52:56  error    Unexpected any. Specify a different type            @typescript-eslint/no-explicit-any
   55:47  error    Unexpected any. Specify a different type            @typescript-eslint/no-explicit-any
   84:42  error    Unexpected any. Specify a different type            @typescript-eslint/no-explicit-any
   91:37  error    Unexpected any. Specify a different type            @typescript-eslint/no-explicit-any
  102:23  warning  '_' is defined but never used                       @typescript-eslint/no-unused-vars
  116:31  error    Unexpected any. Specify a different type            @typescript-eslint/no-explicit-any
  119:11  warning  'upcoming' is assigned a value but never used       @typescript-eslint/no-unused-vars
  120:11  warning  'completed' is assigned a value but never used      @typescript-eslint/no-unused-vars
  448:68  error    Unexpected any. Specify a different type            @typescript-eslint/no-explicit-any

D:\maysanlabs\school-mangment-system\src\components\exams\MarksEntryForm.tsx
  20:44  warning  'BrainCircuit' is defined but never used  @typescript-eslint/no-unused-vars
  35:13  error    Unexpected any. Specify a different type  @typescript-eslint/no-explicit-any
  40:3   warning  'classId' is defined but never used       @typescript-eslint/no-unused-vars
  64:19  warning  '_' is defined but never used             @typescript-eslint/no-unused-vars
  86:14  warning  'error' is defined but never used         @typescript-eslint/no-unused-vars

D:\maysanlabs\school-mangment-system\src\components\fees\FeeList.tsx
  27:29  warning  'CardHeader' is defined but never used        @typescript-eslint/no-unused-vars
  27:41  warning  'CardTitle' is defined but never used         @typescript-eslint/no-unused-vars
  28:10  warning  'Badge' is defined but never used             @typescript-eslint/no-unused-vars
  31:16  error    Unexpected any. Specify a different type      @typescript-eslint/no-explicit-any
  35:16  warning  'setData' is assigned a value but never used  @typescript-eslint/no-unused-vars
  35:36  error    Unexpected any. Specify a different type      @typescript-eslint/no-explicit-any

D:\maysanlabs\school-mangment-system\src\components\fees\FeeStructure.tsx
   4:16  warning  'DollarSign' is defined but never used        @typescript-eslint/no-unused-vars
   6:10  warning  'Card' is defined but never used              @typescript-eslint/no-unused-vars
   6:16  warning  'CardContent' is defined but never used       @typescript-eslint/no-unused-vars
   6:29  warning  'CardHeader' is defined but never used        @typescript-eslint/no-unused-vars
   6:41  warning  'CardTitle' is defined but never used         @typescript-eslint/no-unused-vars
  26:16  warning  'setFees' is assigned a value but never used  @typescript-eslint/no-unused-vars

D:\maysanlabs\school-mangment-system\src\components\fees\FeesDashboard.tsx
   8:5   warning  'Download' is defined but never used            @typescript-eslint/no-unused-vars
  10:5   warning  'Search' is defined but never used              @typescript-eslint/no-unused-vars
  11:5   warning  'Users' is defined but never used               @typescript-eslint/no-unused-vars
  13:5   warning  'CheckCircle' is defined but never used         @typescript-eslint/no-unused-vars
  14:5   warning  'Clock' is defined but never used               @typescript-eslint/no-unused-vars
  15:5   warning  'AlertCircle' is defined but never used         @typescript-eslint/no-unused-vars
  16:5   warning  'XCircle' is defined but never used             @typescript-eslint/no-unused-vars
  18:10  warning  'Card' is defined but never used                @typescript-eslint/no-unused-vars
  18:16  warning  'CardContent' is defined but never used         @typescript-eslint/no-unused-vars
  18:29  warning  'CardHeader' is defined but never used          @typescript-eslint/no-unused-vars
  18:41  warning  'CardTitle' is defined but never used           @typescript-eslint/no-unused-vars
  26:5   warning  'DialogHeader' is defined but never used        @typescript-eslint/no-unused-vars
  27:5   warning  'DialogTitle' is defined but never used         @typescript-eslint/no-unused-vars
  39:10  warning  'createPayroll' is defined but never used       @typescript-eslint/no-unused-vars
  39:25  warning  'processPayroll' is defined but never used      @typescript-eslint/no-unused-vars
  39:41  warning  'submitLeaveRequest' is defined but never used  @typescript-eslint/no-unused-vars
  39:61  warning  'updateLeaveStatus' is defined but never used   @typescript-eslint/no-unused-vars
  44:11  error    Unexpected any. Specify a different type        @typescript-eslint/no-explicit-any
  45:15  error    Unexpected any. Specify a different type        @typescript-eslint/no-explicit-any
  46:15  error    Unexpected any. Specify a different type        @typescript-eslint/no-explicit-any
  47:14  error    Unexpected any. Specify a different type        @typescript-eslint/no-explicit-any
  48:20  error    Unexpected any. Specify a different type        @typescript-eslint/no-explicit-any
  49:20  error    Unexpected any. Specify a different type        @typescript-eslint/no-explicit-any
  64:5   warning  'leaveRequests' is defined but never used       @typescript-eslint/no-unused-vars
  69:12  warning  'search' is assigned a value but never used     @typescript-eslint/no-unused-vars
  69:20  warning  'setSearch' is assigned a value but never used  @typescript-eslint/no-unused-vars

D:\maysanlabs\school-mangment-system\src\components\gradebook\GradebookDashboard.tsx
   5:3   warning  'Calculator' is defined but never used              @typescript-eslint/no-unused-vars
  14:10  warning  'Card' is defined but never used                    @typescript-eslint/no-unused-vars
  14:16  warning  'CardContent' is defined but never used             @typescript-eslint/no-unused-vars
  14:29  warning  'CardHeader' is defined but never used              @typescript-eslint/no-unused-vars
  14:41  warning  'CardTitle' is defined but never used               @typescript-eslint/no-unused-vars
  16:10  warning  'Input' is defined but never used                   @typescript-eslint/no-unused-vars
  17:10  warning  'Badge' is defined but never used                   @typescript-eslint/no-unused-vars
  18:10  warning  'Progress' is defined but never used                @typescript-eslint/no-unused-vars
  19:10  warning  'cn' is defined but never used                      @typescript-eslint/no-unused-vars
  26:21  error    Unexpected any. Specify a different type            @typescript-eslint/no-explicit-any
  36:22  warning  'setComponents' is assigned a value but never used  @typescript-eslint/no-unused-vars
  38:31  error    Unexpected any. Specify a different type            @typescript-eslint/no-explicit-any

D:\maysanlabs\school-mangment-system\src\components\guardian\GuardianDashboard.tsx
   4:27  warning  'ShieldCheck' is defined but never used              @typescript-eslint/no-unused-vars
   4:40  warning  'Activity' is defined but never used                 @typescript-eslint/no-unused-vars
  11:20  error    Unexpected any. Specify a different type             @typescript-eslint/no-explicit-any
  12:20  error    Unexpected any. Specify a different type             @typescript-eslint/no-explicit-any
  13:23  error    Unexpected any. Specify a different type             @typescript-eslint/no-explicit-any
  18:11  warning  'totalGuardians' is assigned a value but never used  @typescript-eslint/no-unused-vars

D:\maysanlabs\school-mangment-system\src\components\health\HealthDashboard.tsx
   4:23  warning  'Thermometer' is defined but never used   @typescript-eslint/no-unused-vars
   4:36  warning  'Pill' is defined but never used          @typescript-eslint/no-unused-vars
   4:57  warning  'Clock' is defined but never used         @typescript-eslint/no-unused-vars
   5:16  warning  'CardContent' is defined but never used   @typescript-eslint/no-unused-vars
   5:29  warning  'CardHeader' is defined but never used    @typescript-eslint/no-unused-vars
   5:41  warning  'CardTitle' is defined but never used     @typescript-eslint/no-unused-vars
  10:10  warning  'Tabs' is defined but never used          @typescript-eslint/no-unused-vars
  10:16  warning  'TabsContent' is defined but never used   @typescript-eslint/no-unused-vars
  10:29  warning  'TabsList' is defined but never used      @typescript-eslint/no-unused-vars
  10:39  warning  'TabsTrigger' is defined but never used   @typescript-eslint/no-unused-vars
  18:20  error    Unexpected any. Specify a different type  @typescript-eslint/no-explicit-any
  19:21  error    Unexpected any. Specify a different type  @typescript-eslint/no-explicit-any
  20:15  error    Unexpected any. Specify a different type  @typescript-eslint/no-explicit-any

D:\maysanlabs\school-mangment-system\src\components\heritage\HeritageDashboard.tsx
  12:5   warning  'Filter' is defined but never used  @typescript-eslint/no-unused-vars
  88:18  warning  'error' is defined but never used   @typescript-eslint/no-unused-vars

D:\maysanlabs\school-mangment-system\src\components\inventory\InventoryDashboardClient.tsx
   25:10   warning  'Progress' is defined but never used      @typescript-eslint/no-unused-vars
   28:102  error    Unexpected any. Specify a different type  @typescript-eslint/no-explicit-any
   88:41   error    Unexpected any. Specify a different type  @typescript-eslint/no-explicit-any
  111:47   error    Unexpected any. Specify a different type  @typescript-eslint/no-explicit-any
  134:53   error    Unexpected any. Specify a different type  @typescript-eslint/no-explicit-any

D:\maysanlabs\school-mangment-system\src\components\library\LibraryDashboard.tsx
  14:10  warning  'Card' is defined but never used                 @typescript-eslint/no-unused-vars
  14:16  warning  'CardContent' is defined but never used          @typescript-eslint/no-unused-vars
  14:29  warning  'CardHeader' is defined but never used           @typescript-eslint/no-unused-vars
  14:41  warning  'CardTitle' is defined but never used            @typescript-eslint/no-unused-vars
  17:10  warning  'Badge' is defined but never used                @typescript-eslint/no-unused-vars
  22:5   warning  'DialogHeader' is defined but never used         @typescript-eslint/no-unused-vars
  35:10  warning  'createInventoryItem' is defined but never used  @typescript-eslint/no-unused-vars
  39:12  error    Unexpected any. Specify a different type         @typescript-eslint/no-explicit-any
  40:19  error    Unexpected any. Specify a different type         @typescript-eslint/no-explicit-any
  41:15  error    Unexpected any. Specify a different type         @typescript-eslint/no-explicit-any
  42:21  error    Unexpected any. Specify a different type         @typescript-eslint/no-explicit-any

D:\maysanlabs\school-mangment-system\src\components\messages\MessagesDashboard.tsx
   5:26  warning  'Search' is defined but never used        @typescript-eslint/no-unused-vars
   5:68  warning  'MailOpen' is defined but never used      @typescript-eslint/no-unused-vars
   5:78  warning  'Clock' is defined but never used         @typescript-eslint/no-unused-vars
   5:85  warning  'User' is defined but never used          @typescript-eslint/no-unused-vars
   7:16  warning  'CardContent' is defined but never used   @typescript-eslint/no-unused-vars
  21:12  error    Unexpected any. Specify a different type  @typescript-eslint/no-explicit-any
  22:11  error    Unexpected any. Specify a different type  @typescript-eslint/no-explicit-any
  23:15  error    Unexpected any. Specify a different type  @typescript-eslint/no-explicit-any
  31:60  error    Unexpected any. Specify a different type  @typescript-eslint/no-explicit-any
  44:43  error    Unexpected any. Specify a different type  @typescript-eslint/no-explicit-any
  54:42  error    Unexpected any. Specify a different type  @typescript-eslint/no-explicit-any

D:\maysanlabs\school-mangment-system\src\components\oracle\OracleDashboardClient.tsx
   3:10  warning  'useState' is defined but never used      @typescript-eslint/no-unused-vars
   5:5   warning  'BrainCircuit' is defined but never used  @typescript-eslint/no-unused-vars
  10:5   warning  'Search' is defined but never used        @typescript-eslint/no-unused-vars
  11:5   warning  'Plus' is defined but never used          @typescript-eslint/no-unused-vars
  12:5   warning  'Filter' is defined but never used        @typescript-eslint/no-unused-vars
  20:5   warning  'CardHeader' is defined but never used    @typescript-eslint/no-unused-vars
  21:5   warning  'CardTitle' is defined but never used     @typescript-eslint/no-unused-vars
  22:5   warning  'CardFooter' is defined but never used    @typescript-eslint/no-unused-vars
  26:10  warning  'Progress' is defined but never used      @typescript-eslint/no-unused-vars
  29:83  error    Unexpected any. Specify a different type  @typescript-eslint/no-explicit-any
  64:38  error    Unexpected any. Specify a different type  @typescript-eslint/no-explicit-any

D:\maysanlabs\school-mangment-system\src\components\parents\ParentForm.tsx
  17:10  warning  'createClient' is defined but never used  @typescript-eslint/no-unused-vars
  64:16  warning  'error' is defined but never used         @typescript-eslint/no-unused-vars

D:\maysanlabs\school-mangment-system\src\components\settings\SettingsDashboardClient.tsx
   5:5   warning  'Settings' is defined but never used         @typescript-eslint/no-unused-vars
   8:5   warning  'Bell' is defined but never used             @typescript-eslint/no-unused-vars
   9:5   warning  'ActivitySquare' is defined but never used   @typescript-eslint/no-unused-vars
  11:5   warning  'Lock' is defined but never used             @typescript-eslint/no-unused-vars
  18:5   warning  'CheckCircle2' is defined but never used     @typescript-eslint/no-unused-vars
  19:5   warning  'XCircle' is defined but never used          @typescript-eslint/no-unused-vars
  26:5   warning  'CardDescription' is defined but never used  @typescript-eslint/no-unused-vars
  50:22  error    Unexpected any. Specify a different type     @typescript-eslint/no-explicit-any
  51:22  error    Unexpected any. Specify a different type     @typescript-eslint/no-explicit-any
  52:20  error    Unexpected any. Specify a different type     @typescript-eslint/no-explicit-any

D:\maysanlabs\school-mangment-system\src\components\shared\Launchpad.tsx
   4:10  warning  'cn' is defined but never used            @typescript-eslint/no-unused-vars
  36:9   error    Unexpected any. Specify a different type  @typescript-eslint/no-explicit-any

D:\maysanlabs\school-mangment-system\src\components\shared\Sidebar.tsx
   22:3   warning  'DollarSign' is defined but never used                                                                                                                                                                                                                                                                                                                                                                                                                                                                                                                                                                                                                                                                                                                                                                                                                                                                                                                                                                                                   @typescript-eslint/no-unused-vars
   23:3   warning  'Truck' is defined but never used                                                                                                                                                                                                                                                                                                                                                                                                                                                                                                                                                                                                                                                                                                                                                                                                                                                                                                                                                                                                        @typescript-eslint/no-unused-vars
   38:9   error    Unexpected any. Specify a different type                                                                                                                                                                                                                                                                                                                                                                                                                                                                                                                                                                                                                                                                                                                                                                                                                                                                                                                                                                                                 @typescript-eslint/no-explicit-any
  155:64  error    Unexpected any. Specify a different type                                                                                                                                                                                                                                                                                                                                                                                                                                                                                                                                                                                                                                                                                                                                                                                                                                                                                                                                                                                                 @typescript-eslint/no-explicit-any
  157:50  error    Unexpected any. Specify a different type                                                                                                                                                                                                                                                                                                                                                                                                                                                                                                                                                                                                                                                                                                                                                                                                                                                                                                                                                                                                 @typescript-eslint/no-explicit-any
  161:7   error    Error: Calling setState synchronously within an effect can trigger cascading renders

Effects are intended to synchronize state between React and external systems such as manually updating the DOM, state management libraries, or other platform APIs. In general, the body of an effect should do one or both of the following:
* Update external systems with the latest state from React.
* Subscribe for updates from some external system, calling setState in a callback function when external state changes.

Calling setState synchronously within an effect body causes cascading renders that can hurt performance, and is not recommended. (https://react.dev/learn/you-might-not-need-an-effect).

D:\maysanlabs\school-mangment-system\src\components\shared\Sidebar.tsx:161:7
  159 |   useEffect(() => {
  160 |     if (initialProfile) {
> 161 |       setUserProfile(initialProfile);
      |       ^^^^^^^^^^^^^^ Avoid calling setState() directly within an effect
  162 |       return;
  163 |     }
  164 |  react-hooks/set-state-in-effect

D:\maysanlabs\school-mangment-system\src\components\students\BulkImportModal.tsx
  52:44  error    Unexpected any. Specify a different type  @typescript-eslint/no-explicit-any
  66:30  warning  'e' is defined but never used             @typescript-eslint/no-unused-vars
  66:33  error    Unexpected any. Specify a different type  @typescript-eslint/no-explicit-any

D:\maysanlabs\school-mangment-system\src\components\students\StudentForm.tsx
  76:16  warning  'error' is defined but never used  @typescript-eslint/no-unused-vars

D:\maysanlabs\school-mangment-system\src\components\students\StudentList.tsx
  33:3   warning  'DialogDescription' is defined but never used   @typescript-eslint/no-unused-vars
  54:10  warning  'isPending' is assigned a value but never used  @typescript-eslint/no-unused-vars

D:\maysanlabs\school-mangment-system\src\components\subjects\SubjectForm.tsx
   4:10  warning  'BookOpen' is defined but never used  @typescript-eslint/no-unused-vars
   4:20  warning  'Pencil' is defined but never used    @typescript-eslint/no-unused-vars
   4:28  warning  'Plus' is defined but never used      @typescript-eslint/no-unused-vars
   4:34  warning  'Trash2' is defined but never used    @typescript-eslint/no-unused-vars
  67:14  warning  'error' is defined but never used     @typescript-eslint/no-unused-vars

D:\maysanlabs\school-mangment-system\src\components\subjects\SubjectList.tsx
   6:3   warning  'Table' is defined but never used              @typescript-eslint/no-unused-vars
   7:3   warning  'TableBody' is defined but never used          @typescript-eslint/no-unused-vars
   8:3   warning  'TableCell' is defined but never used          @typescript-eslint/no-unused-vars
   9:3   warning  'TableHead' is defined but never used          @typescript-eslint/no-unused-vars
  10:3   warning  'TableHeader' is defined but never used        @typescript-eslint/no-unused-vars
  11:3   warning  'TableRow' is defined but never used           @typescript-eslint/no-unused-vars
  24:3   warning  'DialogDescription' is defined but never used  @typescript-eslint/no-unused-vars
  97:30  warning  'i' is defined but never used                  @typescript-eslint/no-unused-vars

D:\maysanlabs\school-mangment-system\src\components\teachers\BulkImportTeacherModal.tsx
  51:44  error    Unexpected any. Specify a different type  @typescript-eslint/no-explicit-any
  64:30  warning  'e' is defined but never used             @typescript-eslint/no-unused-vars
  64:33  error    Unexpected any. Specify a different type  @typescript-eslint/no-explicit-any

D:\maysanlabs\school-mangment-system\src\components\teachers\StaffHRManagement.tsx
   3:10  warning  'useState' is defined but never used     @typescript-eslint/no-unused-vars
   5:3   warning  'Users' is defined but never used        @typescript-eslint/no-unused-vars
   8:3   warning  'FileText' is defined but never used     @typescript-eslint/no-unused-vars
  12:3   warning  'Plus' is defined but never used         @typescript-eslint/no-unused-vars
  13:3   warning  'Filter' is defined but never used       @typescript-eslint/no-unused-vars
  14:3   warning  'Search' is defined but never used       @typescript-eslint/no-unused-vars
  19:10  warning  'Card' is defined but never used         @typescript-eslint/no-unused-vars
  19:16  warning  'CardContent' is defined but never used  @typescript-eslint/no-unused-vars
  19:29  warning  'CardHeader' is defined but never used   @typescript-eslint/no-unused-vars
  19:41  warning  'CardTitle' is defined but never used    @typescript-eslint/no-unused-vars
  21:10  warning  'Input' is defined but never used        @typescript-eslint/no-unused-vars

D:\maysanlabs\school-mangment-system\src\components\teachers\TeacherList.tsx
  25:3  warning  'DialogDescription' is defined but never used  @typescript-eslint/no-unused-vars

D:\maysanlabs\school-mangment-system\src\components\timetable\TimetableDashboard.tsx
   13:10   warning  'Card' is defined but never used             @typescript-eslint/no-unused-vars
   13:16   warning  'CardContent' is defined but never used      @typescript-eslint/no-unused-vars
   13:29   warning  'CardHeader' is defined but never used       @typescript-eslint/no-unused-vars
   13:41   warning  'CardTitle' is defined but never used        @typescript-eslint/no-unused-vars
   14:10   warning  'Button' is defined but never used           @typescript-eslint/no-unused-vars
   15:10   warning  'Badge' is defined but never used            @typescript-eslint/no-unused-vars
   37:7    warning  'COLORS' is assigned a value but never used  @typescript-eslint/no-unused-vars
   40:17   error    Unexpected any. Specify a different type     @typescript-eslint/no-explicit-any
   41:14   error    Unexpected any. Specify a different type     @typescript-eslint/no-explicit-any
   42:15   error    Unexpected any. Specify a different type     @typescript-eslint/no-explicit-any
   43:15   error    Unexpected any. Specify a different type     @typescript-eslint/no-explicit-any
   44:20   error    Unexpected any. Specify a different type     @typescript-eslint/no-explicit-any
   55:47   error    Unexpected any. Specify a different type     @typescript-eslint/no-explicit-any
   84:13   error    Unexpected any. Specify a different type     @typescript-eslint/no-explicit-any
   90:21   error    Unexpected any. Specify a different type     @typescript-eslint/no-explicit-any
   91:34   error    Unexpected any. Specify a different type     @typescript-eslint/no-explicit-any
  120:50   error    Unexpected any. Specify a different type     @typescript-eslint/no-explicit-any
  158:149  error    Unexpected any. Specify a different type     @typescript-eslint/no-explicit-any
  171:67   error    Unexpected any. Specify a different type     @typescript-eslint/no-explicit-any
  184:67   error    Unexpected any. Specify a different type     @typescript-eslint/no-explicit-any
  259:64   error    Unexpected any. Specify a different type     @typescript-eslint/no-explicit-any
  269:60   error    Unexpected any. Specify a different type     @typescript-eslint/no-explicit-any

D:\maysanlabs\school-mangment-system\src\components\transport\StopManagement.tsx
   5:10  warning  'cn' is defined but never used            @typescript-eslint/no-unused-vars
  23:12  error    Unexpected any. Specify a different type  @typescript-eslint/no-explicit-any
  26:43  warning  'routeName' is defined but never used     @typescript-eslint/no-unused-vars
  31:52  error    Unexpected any. Specify a different type  @typescript-eslint/no-explicit-any
  93:29  error    Unexpected any. Specify a different type  @typescript-eslint/no-explicit-any

D:\maysanlabs\school-mangment-system\src\components\transport\StudentAssignmentDialog.tsx
  41:13  error    Unexpected any. Specify a different type                                                                                                                                                                                                                                                                                                                                                                                                                                                                                                                                                                                                                                                                                                                                                                                                                                                                                                                                                                                                                                                                                                                                                                            @typescript-eslint/no-explicit-any
  42:12  error    Unexpected any. Specify a different type                                                                                                                                                                                                                                                                                                                                                                                                                                                                                                                                                                                                                                                                                                                                                                                                                                                                                                                                                                                                                                                                                                                                                                            @typescript-eslint/no-explicit-any
  49:46  error    Unexpected any. Specify a different type                                                                                                                                                                                                                                                                                                                                                                                                                                                                                                                                                                                                                                                                                                                                                                                                                                                                                                                                                                                                                                                                                                                                                                            @typescript-eslint/no-explicit-any
  61:13  error    Error: Cannot access variable before it is declared

`fetchStudents` is accessed before it is declared, which prevents the earlier access from updating when this value changes over time.

D:\maysanlabs\school-mangment-system\src\components\transport\StudentAssignmentDialog.tsx:61:13
  59 |     useEffect(() => {
  60 |         if (open) {
> 61 |             fetchStudents();
     |             ^^^^^^^^^^^^^ `fetchStudents` accessed before it is declared
  62 |         }
  63 |     }, [open]);
  64 |

D:\maysanlabs\school-mangment-system\src\components\transport\StudentAssignmentDialog.tsx:65:5
  63 |     }, [open]);
  64 |
> 65 |     const fetchStudents = async () => {
     |     ^^^^^^^^^^^^^^^^^^^^^^^^^^^^^^^^^^^
> 66 |         setFetchingStudents(true);
     | ^^^^^^^^^^^^^^^^^^^^^^^^^^^^^^^^^^
> 67 |         const { data, error } = await supabase
     ΓÇª
     | ^^^^^^^^^^^^^^^^^^^^^^^^^^^^^^^^^^
> 77 |         setFetchingStudents(false);
     | ^^^^^^^^^^^^^^^^^^^^^^^^^^^^^^^^^^
> 78 |     };
     | ^^^^^^^ `fetchStudents` is declared here
  79 |
  80 |     const handleAssign = async () => {
  81 |         if (!selectedStudentId || !selectedRouteId) {  react-hooks/immutability
  63:8   warning  React Hook useEffect has a missing dependency: 'fetchStudents'. Either include it or remove the dependency array                                                                                                                                                                                                                                                                                                                                                                                                                                                                                                                                                                                                                                                                                                                                                                                                                                                                                                                                                                                                                                                                                                    react-hooks/exhaustive-deps

D:\maysanlabs\school-mangment-system\src\components\transport\TransportDashboard.tsx
    4:60  warning  'Edit2' is defined but never used         @typescript-eslint/no-unused-vars
    4:67  warning  'Trash2' is defined but never used        @typescript-eslint/no-unused-vars
    4:75  warning  'ArrowRight' is defined but never used    @typescript-eslint/no-unused-vars
    6:10  warning  'Badge' is defined but never used         @typescript-eslint/no-unused-vars
   32:13  error    Unexpected any. Specify a different type  @typescript-eslint/no-explicit-any
   33:12  error    Unexpected any. Specify a different type  @typescript-eslint/no-explicit-any
   34:18  error    Unexpected any. Specify a different type  @typescript-eslint/no-explicit-any
   44:56  error    Unexpected any. Specify a different type  @typescript-eslint/no-explicit-any
   45:54  error    Unexpected any. Specify a different type  @typescript-eslint/no-explicit-any
  117:35  error    Unexpected any. Specify a different type  @typescript-eslint/no-explicit-any

D:\maysanlabs\school-mangment-system\src\components\users\ManageAccessModal.tsx
  47:53  error  Unexpected any. Specify a different type  @typescript-eslint/no-explicit-any
  74:21  error  Unexpected any. Specify a different type  @typescript-eslint/no-explicit-any
  96:21  error  Unexpected any. Specify a different type  @typescript-eslint/no-explicit-any

D:\maysanlabs\school-mangment-system\src\components\users\ProvisionUserModal.tsx
  74:21  error  Unexpected any. Specify a different type  @typescript-eslint/no-explicit-any

D:\maysanlabs\school-mangment-system\src\components\users\UsersDashboardClient.tsx
   9:5   warning  'Database' is defined but never used      @typescript-eslint/no-unused-vars
  10:5   warning  'UserCheck' is defined but never used     @typescript-eslint/no-unused-vars
  11:5   warning  'GlobeLock' is defined but never used     @typescript-eslint/no-unused-vars
  12:5   warning  'Plus' is defined but never used          @typescript-eslint/no-unused-vars
  17:5   warning  'CardHeader' is defined but never used    @typescript-eslint/no-unused-vars
  18:5   warning  'CardTitle' is defined but never used     @typescript-eslint/no-unused-vars
  19:5   warning  'CardContent' is defined but never used   @typescript-eslint/no-unused-vars
  23:10  warning  'Button' is defined but never used        @typescript-eslint/no-unused-vars
  27:66  error    Unexpected any. Specify a different type  @typescript-eslint/no-explicit-any

D:\maysanlabs\school-mangment-system\src\lib\error-handler.ts
   9:22  error  Unexpected any. Specify a different type  @typescript-eslint/no-explicit-any
  20:43  error  Unexpected any. Specify a different type  @typescript-eslint/no-explicit-any
  59:34  error  Unexpected any. Specify a different type  @typescript-eslint/no-explicit-any

D:\maysanlabs\school-mangment-system\src\lib\reports\generator.ts
  63:45  error  Unexpected any. Specify a different type  @typescript-eslint/no-explicit-any
  63:63  error  Unexpected any. Specify a different type  @typescript-eslint/no-explicit-any
  64:30  error  Unexpected any. Specify a different type  @typescript-eslint/no-explicit-any
  90:26  error  Unexpected any. Specify a different type  @typescript-eslint/no-explicit-any

D:\maysanlabs\school-mangment-system\src\lib\services\alumni.ts
  9:44  warning  'graduationDate' is defined but never used  @typescript-eslint/no-unused-vars
  9:68  warning  'finalGpa' is defined but never used        @typescript-eslint/no-unused-vars

D:\maysanlabs\school-mangment-system\src\lib\services\audit.ts
  15:16  error  Unexpected any. Specify a different type  @typescript-eslint/no-explicit-any
  16:16  error  Unexpected any. Specify a different type  @typescript-eslint/no-explicit-any

D:\maysanlabs\school-mangment-system\src\lib\services\conduct.ts
   4:10  warning  'z' is defined but never used             @typescript-eslint/no-unused-vars
  11:75  error    Unexpected any. Specify a different type  @typescript-eslint/no-explicit-any

D:\maysanlabs\school-mangment-system\src\lib\services\extracurricular.ts
  26:13  warning  'supabase' is assigned a value but never used  @typescript-eslint/no-unused-vars
  34:70  warning  'score' is defined but never used              @typescript-eslint/no-unused-vars
  34:85  warning  'remarks' is defined but never used            @typescript-eslint/no-unused-vars
  36:13  warning  'supabase' is assigned a value but never used  @typescript-eslint/no-unused-vars

D:\maysanlabs\school-mangment-system\src\lib\services\gateway.ts
  19:67  warning  'description' is defined but never used        @typescript-eslint/no-unused-vars
  40:13  warning  'supabase' is assigned a value but never used  @typescript-eslint/no-unused-vars

D:\maysanlabs\school-mangment-system\src\lib\services\health.ts
   4:10  warning  'z' is defined but never used                  @typescript-eslint/no-unused-vars
  12:11  warning  'supabase' is assigned a value but never used  @typescript-eslint/no-unused-vars

D:\maysanlabs\school-mangment-system\src\lib\services\institutional.ts
  135:61  error  Unexpected any. Specify a different type  @typescript-eslint/no-explicit-any

D:\maysanlabs\school-mangment-system\src\lib\services\inventory.ts
  57:47  error  Unexpected any. Specify a different type  @typescript-eslint/no-explicit-any

D:\maysanlabs\school-mangment-system\src\lib\services\user.ts
  43:13  warning  'supabase' is assigned a value but never used  @typescript-eslint/no-unused-vars

D:\maysanlabs\school-mangment-system\src\lib\simulation\telemetry.ts
  45:34  error  Unexpected any. Specify a different type  @typescript-eslint/no-explicit-any

D:\maysanlabs\school-mangment-system\src\lib\supabase\middleware.ts
  60:13  warning  'effectiveUserId' is assigned a value but never used  @typescript-eslint/no-unused-vars

D:\maysanlabs\school-mangment-system\src\types\database.ts
   38:36   error  Unexpected any. Specify a different type  @typescript-eslint/no-explicit-any
   94:36   error  Unexpected any. Specify a different type  @typescript-eslint/no-explicit-any
  251:36   error  Unexpected any. Specify a different type  @typescript-eslint/no-explicit-any
  264:14   error  Unexpected any. Specify a different type  @typescript-eslint/no-explicit-any
  265:14   error  Unexpected any. Specify a different type  @typescript-eslint/no-explicit-any
  317:36   error  Unexpected any. Specify a different type  @typescript-eslint/no-explicit-any
  355:36   error  Unexpected any. Specify a different type  @typescript-eslint/no-explicit-any
  373:238  error  Unexpected any. Specify a different type  @typescript-eslint/no-explicit-any
  374:108  error  Unexpected any. Specify a different type  @typescript-eslint/no-explicit-any

D:\maysanlabs\school-mangment-system\src\utils\supabase\middleware.ts
  24:48  warning  'options' is defined but never used  @typescript-eslint/no-unused-vars

Γ£û 570 problems (291 errors, 279 warnings)

